Traceback (most recent call last):
  File "C:\Users\lakj\AppData\Local\anaconda3\envs\MEKUNI\lib\site-packages\jupyter_cache\executors\utils.py", line 58, in single_nb_execution
    executenb(
  File "C:\Users\lakj\AppData\Local\anaconda3\envs\MEKUNI\lib\site-packages\nbclient\client.py", line 1305, in execute
    return NotebookClient(nb=nb, resources=resources, km=km, **kwargs).execute()
  File "C:\Users\lakj\AppData\Local\anaconda3\envs\MEKUNI\lib\site-packages\jupyter_core\utils\__init__.py", line 165, in wrapped
    return loop.run_until_complete(inner)
  File "C:\Users\lakj\AppData\Local\anaconda3\envs\MEKUNI\lib\asyncio\base_events.py", line 647, in run_until_complete
    return future.result()
  File "C:\Users\lakj\AppData\Local\anaconda3\envs\MEKUNI\lib\site-packages\nbclient\client.py", line 705, in async_execute
    await self.async_execute_cell(
  File "C:\Users\lakj\AppData\Local\anaconda3\envs\MEKUNI\lib\site-packages\nbclient\client.py", line 1058, in async_execute_cell
    await self._check_raise_for_error(cell, cell_index, exec_reply)
  File "C:\Users\lakj\AppData\Local\anaconda3\envs\MEKUNI\lib\site-packages\nbclient\client.py", line 914, in _check_raise_for_error
    raise CellExecutionError.from_cell_and_msg(cell, exec_reply_content)
nbclient.exceptions.CellExecutionError: An error occurred while executing the following cell:
------------------
# Data preprocessing: Ensure numeric types and clean data
yearly_language_title_length = yearly_language_title_length.copy()
yearly_language_title_length['year_st'] = pd.to_numeric(yearly_language_title_length['year_st'], errors='coerce')
yearly_language_title_length['title_length'] = pd.to_numeric(yearly_language_title_length['title_length'], errors='coerce')

# Remove rows with invalid data
yearly_language_title_length = yearly_language_title_length.dropna(subset=['year_st', 'title_length'])

# Filter to focus on 1600-1900 period
yearly_language_title_length = yearly_language_title_length[
    (yearly_language_title_length['year_st'] >= 1600) & 
    (yearly_language_title_length['year_st'] <= 1900)
]

# Calculate overall mean title length for each year
mean_title_length = yearly_language_title_length.groupby('year_st')['title_length'].mean().reset_index()

# Create the visualization
plt.figure(figsize=(14, 8))

# Define colors for different languages
colors = plt.cm.Set3(np.linspace(0, 1, len(yearly_language_title_length['language'].unique())))

for i, language in enumerate(yearly_language_title_length['language'].unique()):
    subset = yearly_language_title_length[yearly_language_title_length['language'] == language]
    
    # Apply rolling average to smooth the curve (20-year window, minimum 10 data points)
    subset = subset.sort_values(by='year_st')
    subset['smoothed_title_length'] = subset['title_length'].rolling(window=20, min_periods=10).mean()
    
    # Plot smoothed line
    plt.plot(subset['year_st'], subset['smoothed_title_length'], 
             linestyle='-', label=language, color=colors[i], linewidth=2)

# Plot the overall mean as a reference
plt.plot(mean_title_length['year_st'], mean_title_length['title_length'], 
         label='Overall Mean', linestyle='--', color='black', linewidth=2)

# Customize the plot
plt.xlabel('Year', fontsize=12)
plt.ylabel('Average Title Length (characters)', fontsize=12)
plt.title('Evolution of Book Title Lengths by Language (1600-1900)', fontsize=14, fontweight='bold')
plt.legend(bbox_to_anchor=(1.05, 1), loc='upper left')
plt.grid(True, alpha=0.3)
plt.tight_layout()
plt.show()

# Display summary statistics
print("Title Length Analysis Summary:")
print(f"Period analyzed: 1600-1900")
print(f"Languages included: {len(yearly_language_title_length['language'].unique())}")
print(f"Average title length (1600): {yearly_language_title_length[yearly_language_title_length['year_st'] == 1600]['title_length'].mean():.1f} characters")
print(f"Average title length (1900): {yearly_language_title_length[yearly_language_title_length['year_st'] == 1900]['title_length'].mean():.1f} characters")
------------------


[1;31m---------------------------------------------------------------------------[0m
[1;31mNameError[0m                                 Traceback (most recent call last)
Cell [1;32mIn[5], line 22[0m
[0;32m     19[0m plt[38;5;241m.[39mfigure(figsize[38;5;241m=[39m([38;5;241m14[39m, [38;5;241m8[39m))
[0;32m     21[0m [38;5;66;03m# Define colors for different languages[39;00m
[1;32m---> 22[0m colors [38;5;241m=[39m plt[38;5;241m.[39mcm[38;5;241m.[39mSet3([43mnp[49m[38;5;241m.[39mlinspace([38;5;241m0[39m, [38;5;241m1[39m, [38;5;28mlen[39m(yearly_language_title_length[[38;5;124m'[39m[38;5;124mlanguage[39m[38;5;124m'[39m][38;5;241m.[39munique())))
[0;32m     24[0m [38;5;28;01mfor[39;00m i, language [38;5;129;01min[39;00m [38;5;28menumerate[39m(yearly_language_title_length[[38;5;124m'[39m[38;5;124mlanguage[39m[38;5;124m'[39m][38;5;241m.[39munique()):
[0;32m     25[0m     subset [38;5;241m=[39m yearly_language_title_length[yearly_language_title_length[[38;5;124m'[39m[38;5;124mlanguage[39m[38;5;124m'[39m] [38;5;241m==[39m language]

[1;31mNameError[0m: name 'np' is not defined

